// Jest Snapshot v1, https://goo.gl/fbAQLP

exports[`MobileHeroCTA Component - Mobile Experience Mobile Layout and Positioning snapshot matches mobile layout 1`] = `
<div>
  <div
    class="MuiBox-root css-1jh62j7"
  >
    <div
      aria-expanded="false"
      aria-label="Expand enrollment options"
      class="MuiBox-root css-tpqms"
      role="button"
      tabindex="0"
    >
      <div
        class="MuiBox-root css-axw7ok"
      >
        <span
          style="font-weight: 600;"
        >
          ðŸ“š Ready to Enroll?
        </span>
      </div>
      <button
        aria-hidden="true"
        class="MuiButtonBase-root MuiIconButton-root MuiIconButton-sizeSmall css-smsurf-MuiButtonBase-root-MuiIconButton-root"
        tabindex="0"
        type="button"
      >
        <svg
          aria-hidden="true"
          class="MuiSvgIcon-root MuiSvgIcon-fontSizeMedium css-i4bv87-MuiSvgIcon-root"
          data-testid="ExpandMoreIcon"
          focusable="false"
          viewBox="0 0 24 24"
        >
          <path
            d="M16.59 8.59 12 13.17 7.41 8.59 6 10l6 6 6-6z"
          />
        </svg>
        <span
          class="MuiTouchRipple-root css-8je8zh-MuiTouchRipple-root"
        />
      </button>
    </div>
  </div>
</div>
`;

exports[`MobileHeroCTA Component - Mobile Experience Mobile Responsive Behavior renders correctly on different mobile viewports 1`] = `
<div>
  <div
    class="MuiBox-root css-1jh62j7"
  >
    <div
      aria-expanded="false"
      aria-label="Expand enrollment options"
      class="MuiBox-root css-tpqms"
      role="button"
      tabindex="0"
    >
      <div
        class="MuiBox-root css-axw7ok"
      >
        <span
          style="font-weight: 600;"
        >
          ðŸ“š Ready to Enroll?
        </span>
      </div>
      <button
        aria-hidden="true"
        class="MuiButtonBase-root MuiIconButton-root MuiIconButton-sizeSmall css-smsurf-MuiButtonBase-root-MuiIconButton-root"
        tabindex="0"
        type="button"
      >
        <svg
          aria-hidden="true"
          class="MuiSvgIcon-root MuiSvgIcon-fontSizeMedium css-i4bv87-MuiSvgIcon-root"
          data-testid="ExpandMoreIcon"
          focusable="false"
          viewBox="0 0 24 24"
        >
          <path
            d="M16.59 8.59 12 13.17 7.41 8.59 6 10l6 6 6-6z"
          />
        </svg>
        <span
          class="MuiTouchRipple-root css-8je8zh-MuiTouchRipple-root"
        />
      </button>
    </div>
  </div>
</div>
`;

exports[`MobileHeroCTA Component - Mobile Experience Mobile Responsive Behavior renders correctly on different mobile viewports 2`] = `
<div>
  <div
    class="MuiBox-root css-1jh62j7"
  >
    <div
      aria-expanded="false"
      aria-label="Expand enrollment options"
      class="MuiBox-root css-tpqms"
      role="button"
      tabindex="0"
    >
      <div
        class="MuiBox-root css-axw7ok"
      >
        <span
          style="font-weight: 600;"
        >
          ðŸ“š Ready to Enroll?
        </span>
      </div>
      <button
        aria-hidden="true"
        class="MuiButtonBase-root MuiIconButton-root MuiIconButton-sizeSmall css-smsurf-MuiButtonBase-root-MuiIconButton-root"
        tabindex="0"
        type="button"
      >
        <svg
          aria-hidden="true"
          class="MuiSvgIcon-root MuiSvgIcon-fontSizeMedium css-i4bv87-MuiSvgIcon-root"
          data-testid="ExpandMoreIcon"
          focusable="false"
          viewBox="0 0 24 24"
        >
          <path
            d="M16.59 8.59 12 13.17 7.41 8.59 6 10l6 6 6-6z"
          />
        </svg>
        <span
          class="MuiTouchRipple-root css-8je8zh-MuiTouchRipple-root"
        />
      </button>
    </div>
  </div>
</div>
`;

exports[`MobileHeroCTA Component - Mobile Experience Mobile Responsive Behavior renders correctly on different mobile viewports 3`] = `
<div>
  <div
    class="MuiBox-root css-1jh62j7"
  >
    <div
      aria-expanded="false"
      aria-label="Expand enrollment options"
      class="MuiBox-root css-tpqms"
      role="button"
      tabindex="0"
    >
      <div
        class="MuiBox-root css-axw7ok"
      >
        <span
          style="font-weight: 600;"
        >
          ðŸ“š Ready to Enroll?
        </span>
      </div>
      <button
        aria-hidden="true"
        class="MuiButtonBase-root MuiIconButton-root MuiIconButton-sizeSmall css-smsurf-MuiButtonBase-root-MuiIconButton-root"
        tabindex="0"
        type="button"
      >
        <svg
          aria-hidden="true"
          class="MuiSvgIcon-root MuiSvgIcon-fontSizeMedium css-i4bv87-MuiSvgIcon-root"
          data-testid="ExpandMoreIcon"
          focusable="false"
          viewBox="0 0 24 24"
        >
          <path
            d="M16.59 8.59 12 13.17 7.41 8.59 6 10l6 6 6-6z"
          />
        </svg>
        <span
          class="MuiTouchRipple-root css-8je8zh-MuiTouchRipple-root"
        />
      </button>
    </div>
  </div>
</div>
`;
